The value of tRCD is 75
After initialization 
 cpu.read_reqs : Accumulator : Sum.u64 = 10000; SumSQ.u64 = 10000; Count.u64 = 10000; Min.u64 = 1; Max.u64 = 1; 
 cpu.write_reqs : Accumulator : Sum.u64 = 10000; SumSQ.u64 = 10000; Count.u64 = 10000; Min.u64 = 1; Max.u64 = 1; 
 cpu.custom_reqs : Accumulator : Sum.u64 = 0; SumSQ.u64 = 0; Count.u64 = 0; Min.u64 = 0; Max.u64 = 0; 
 cpu.split_read_reqs : Accumulator : Sum.u64 = 0; SumSQ.u64 = 0; Count.u64 = 0; Min.u64 = 0; Max.u64 = 0; 
 cpu.split_write_reqs : Accumulator : Sum.u64 = 0; SumSQ.u64 = 0; Count.u64 = 0; Min.u64 = 0; Max.u64 = 0; 
 cpu.split_custom_reqs : Accumulator : Sum.u64 = 0; SumSQ.u64 = 0; Count.u64 = 0; Min.u64 = 0; Max.u64 = 0; 
 cpu.cycles_with_issue : Accumulator : Sum.u64 = 19993; SumSQ.u64 = 19993; Count.u64 = 19993; Min.u64 = 1; Max.u64 = 1; 
 cpu.cycles_no_issue : Accumulator : Sum.u64 = 1387379; SumSQ.u64 = 1387379; Count.u64 = 1387379; Min.u64 = 1; Max.u64 = 1; 
 cpu.total_bytes_read : Accumulator : Sum.u64 = 80000; SumSQ.u64 = 640000; Count.u64 = 10000; Min.u64 = 8; Max.u64 = 8; 
 cpu.total_bytes_write : Accumulator : Sum.u64 = 80000; SumSQ.u64 = 640000; Count.u64 = 10000; Min.u64 = 8; Max.u64 = 8; 
 cpu.total_bytes_custom : Accumulator : Sum.u64 = 0; SumSQ.u64 = 0; Count.u64 = 0; Min.u64 = 0; Max.u64 = 0; 
 cpu.req_latency : Accumulator : Sum.u64 = 11753555; SumSQ.u64 = 13644767337; Count.u64 = 20000; Min.u64 = 3; Max.u64 = 2196; 
 cpu.time : Accumulator : Sum.u64 = 703686; SumSQ.u64 = 495173986596; Count.u64 = 1; Min.u64 = 703686; Max.u64 = 703686; 
 cpu.cycles_hit_fence : Accumulator : Sum.u64 = 0; SumSQ.u64 = 0; Count.u64 = 0; Min.u64 = 0; Max.u64 = 0; 
 cpu.cycles_max_issue : Accumulator : Sum.u64 = 7; SumSQ.u64 = 7; Count.u64 = 7; Min.u64 = 1; Max.u64 = 1; 
 cpu.cycles_max_reorder : Accumulator : Sum.u64 = 9986; SumSQ.u64 = 9986; Count.u64 = 9986; Min.u64 = 1; Max.u64 = 1; 
 cpu.cycles : Accumulator : Sum.u64 = 1407373; SumSQ.u64 = 1407373; Count.u64 = 1407373; Min.u64 = 1; Max.u64 = 1; 
 l1cache.prefetch_opportunities : Accumulator : Sum.u64 = 7589; SumSQ.u64 = 7589; Count.u64 = 7589; Min.u64 = 1; Max.u64 = 1; 
 l1cache.prefetches_issued : Accumulator : Sum.u64 = 6607; SumSQ.u64 = 6607; Count.u64 = 6607; Min.u64 = 1; Max.u64 = 1; 
 l1cache.prefetches_canceled_by_page_boundary : Accumulator : Sum.u64 = 136; SumSQ.u64 = 136; Count.u64 = 136; Min.u64 = 1; Max.u64 = 1; 
 l1cache.prefetches_canceled_by_history : Accumulator : Sum.u64 = 982; SumSQ.u64 = 982; Count.u64 = 982; Min.u64 = 1; Max.u64 = 1; 
 l1cache.Prefetch_requests : Accumulator : Sum.u64 = 6607; SumSQ.u64 = 6607; Count.u64 = 6607; Min.u64 = 1; Max.u64 = 1; 
 l1cache.Prefetch_hits : Accumulator : Sum.u64 = 22; SumSQ.u64 = 22; Count.u64 = 22; Min.u64 = 1; Max.u64 = 1; 
 l1cache.Prefetch_drops : Accumulator : Sum.u64 = 0; SumSQ.u64 = 0; Count.u64 = 0; Min.u64 = 0; Max.u64 = 0; 
 l1cache.TotalEventsReceived : Accumulator : Sum.u64 = 43545; SumSQ.u64 = 43545; Count.u64 = 43545; Min.u64 = 1; Max.u64 = 1; 
 l1cache.TotalEventsReplayed : Accumulator : Sum.u64 = 984; SumSQ.u64 = 984; Count.u64 = 984; Min.u64 = 1; Max.u64 = 1; 
 l1cache.TotalNoncacheableEventsReceived : Accumulator : Sum.u64 = 0; SumSQ.u64 = 0; Count.u64 = 0; Min.u64 = 0; Max.u64 = 0; 
 l1cache.CacheHits : Accumulator : Sum.u64 = 9664; SumSQ.u64 = 9664; Count.u64 = 9664; Min.u64 = 1; Max.u64 = 1; 
 l1cache.GetSHit_Arrival : Accumulator : Sum.u64 = 22; SumSQ.u64 = 22; Count.u64 = 22; Min.u64 = 1; Max.u64 = 1; 
 l1cache.GetXHit_Arrival : Accumulator : Sum.u64 = 9642; SumSQ.u64 = 9642; Count.u64 = 9642; Min.u64 = 1; Max.u64 = 1; 
 l1cache.GetSXHit_Arrival : Accumulator : Sum.u64 = 0; SumSQ.u64 = 0; Count.u64 = 0; Min.u64 = 0; Max.u64 = 0; 
 l1cache.GetSHit_Blocked : Accumulator : Sum.u64 = 0; SumSQ.u64 = 0; Count.u64 = 0; Min.u64 = 0; Max.u64 = 0; 
 l1cache.GetXHit_Blocked : Accumulator : Sum.u64 = 0; SumSQ.u64 = 0; Count.u64 = 0; Min.u64 = 0; Max.u64 = 0; 
 l1cache.GetSXHit_Blocked : Accumulator : Sum.u64 = 0; SumSQ.u64 = 0; Count.u64 = 0; Min.u64 = 0; Max.u64 = 0; 
 l1cache.CacheMisses : Accumulator : Sum.u64 = 16943; SumSQ.u64 = 16943; Count.u64 = 16943; Min.u64 = 1; Max.u64 = 1; 
 l1cache.GetSMiss_Arrival : Accumulator : Sum.u64 = 16585; SumSQ.u64 = 16585; Count.u64 = 16585; Min.u64 = 1; Max.u64 = 1; 
 l1cache.GetXMiss_Arrival : Accumulator : Sum.u64 = 358; SumSQ.u64 = 358; Count.u64 = 358; Min.u64 = 1; Max.u64 = 1; 
 l1cache.GetSXMiss_Arrival : Accumulator : Sum.u64 = 0; SumSQ.u64 = 0; Count.u64 = 0; Min.u64 = 0; Max.u64 = 0; 
 l1cache.GetSMiss_Blocked : Accumulator : Sum.u64 = 0; SumSQ.u64 = 0; Count.u64 = 0; Min.u64 = 0; Max.u64 = 0; 
 l1cache.GetXMiss_Blocked : Accumulator : Sum.u64 = 0; SumSQ.u64 = 0; Count.u64 = 0; Min.u64 = 0; Max.u64 = 0; 
 l1cache.GetSXMiss_Blocked : Accumulator : Sum.u64 = 0; SumSQ.u64 = 0; Count.u64 = 0; Min.u64 = 0; Max.u64 = 0; 
 l1cache.GetS_recv : Accumulator : Sum.u64 = 16607; SumSQ.u64 = 16607; Count.u64 = 16607; Min.u64 = 1; Max.u64 = 1; 
 l1cache.GetX_recv : Accumulator : Sum.u64 = 10000; SumSQ.u64 = 10000; Count.u64 = 10000; Min.u64 = 1; Max.u64 = 1; 
 l1cache.GetSX_recv : Accumulator : Sum.u64 = 0; SumSQ.u64 = 0; Count.u64 = 0; Min.u64 = 0; Max.u64 = 0; 
 l1cache.GetSResp_recv : Accumulator : Sum.u64 = 0; SumSQ.u64 = 0; Count.u64 = 0; Min.u64 = 0; Max.u64 = 0; 
 l1cache.GetXResp_recv : Accumulator : Sum.u64 = 16938; SumSQ.u64 = 16938; Count.u64 = 16938; Min.u64 = 1; Max.u64 = 1; 
 l1cache.PutS_recv : Accumulator : Sum.u64 = 0; SumSQ.u64 = 0; Count.u64 = 0; Min.u64 = 0; Max.u64 = 0; 
 l1cache.PutM_recv : Accumulator : Sum.u64 = 0; SumSQ.u64 = 0; Count.u64 = 0; Min.u64 = 0; Max.u64 = 0; 
 l1cache.PutE_recv : Accumulator : Sum.u64 = 0; SumSQ.u64 = 0; Count.u64 = 0; Min.u64 = 0; Max.u64 = 0; 
 l1cache.FetchInv_recv : Accumulator : Sum.u64 = 0; SumSQ.u64 = 0; Count.u64 = 0; Min.u64 = 0; Max.u64 = 0; 
 l1cache.FetchInvX_recv : Accumulator : Sum.u64 = 0; SumSQ.u64 = 0; Count.u64 = 0; Min.u64 = 0; Max.u64 = 0; 
 l1cache.Inv_recv : Accumulator : Sum.u64 = 0; SumSQ.u64 = 0; Count.u64 = 0; Min.u64 = 0; Max.u64 = 0; 
 l1cache.NACK_recv : Accumulator : Sum.u64 = 0; SumSQ.u64 = 0; Count.u64 = 0; Min.u64 = 0; Max.u64 = 0; 
 l1cache.MSHR_occupancy : Accumulator : Sum.u64 = 38152731; SumSQ.u64 = 1039098549; Count.u64 = 1407373; Min.u64 = 0; Max.u64 = 34; 
 l1cache.Bank_conflicts : Accumulator : Sum.u64 = 0; SumSQ.u64 = 0; Count.u64 = 0; Min.u64 = 0; Max.u64 = 0; 
 l1cache.evict_I : Accumulator : Sum.u64 = 0; SumSQ.u64 = 0; Count.u64 = 0; Min.u64 = 0; Max.u64 = 0; 
 l1cache.evict_E : Accumulator : Sum.u64 = 6896; SumSQ.u64 = 6896; Count.u64 = 6896; Min.u64 = 1; Max.u64 = 1; 
 l1cache.evict_M : Accumulator : Sum.u64 = 9919; SumSQ.u64 = 9919; Count.u64 = 9919; Min.u64 = 1; Max.u64 = 1; 
 l1cache.evict_IS : Accumulator : Sum.u64 = 0; SumSQ.u64 = 0; Count.u64 = 0; Min.u64 = 0; Max.u64 = 0; 
 l1cache.evict_IM : Accumulator : Sum.u64 = 0; SumSQ.u64 = 0; Count.u64 = 0; Min.u64 = 0; Max.u64 = 0; 
 l1cache.evict_IB : Accumulator : Sum.u64 = 0; SumSQ.u64 = 0; Count.u64 = 0; Min.u64 = 0; Max.u64 = 0; 
 l1cache.evict_SB : Accumulator : Sum.u64 = 0; SumSQ.u64 = 0; Count.u64 = 0; Min.u64 = 0; Max.u64 = 0; 
 l1cache.latency_GetS_IS : Accumulator : Sum.u64 = 37180593; SumSQ.u64 = 85503187683; Count.u64 = 16580; Min.u64 = 203; Max.u64 = 4322; 
 l1cache.latency_GetS_M : Accumulator : Sum.u64 = 0; SumSQ.u64 = 0; Count.u64 = 0; Min.u64 = 0; Max.u64 = 0; 
 l1cache.latency_GetX_IM : Accumulator : Sum.u64 = 967644; SumSQ.u64 = 2724860832; Count.u64 = 358; Min.u64 = 240; Max.u64 = 4388; 
 l1cache.latency_GetX_SM : Accumulator : Sum.u64 = 0; SumSQ.u64 = 0; Count.u64 = 0; Min.u64 = 0; Max.u64 = 0; 
 l1cache.latency_GetX_M : Accumulator : Sum.u64 = 0; SumSQ.u64 = 0; Count.u64 = 0; Min.u64 = 0; Max.u64 = 0; 
 l1cache.latency_GetSX_IM : Accumulator : Sum.u64 = 0; SumSQ.u64 = 0; Count.u64 = 0; Min.u64 = 0; Max.u64 = 0; 
 l1cache.latency_GetSX_SM : Accumulator : Sum.u64 = 0; SumSQ.u64 = 0; Count.u64 = 0; Min.u64 = 0; Max.u64 = 0; 
 l1cache.latency_GetSX_M : Accumulator : Sum.u64 = 0; SumSQ.u64 = 0; Count.u64 = 0; Min.u64 = 0; Max.u64 = 0; 
 l1cache.EventStalledForLockedCacheline : Accumulator : Sum.u64 = 0; SumSQ.u64 = 0; Count.u64 = 0; Min.u64 = 0; Max.u64 = 0; 
 l1cache.evict_S : Accumulator : Sum.u64 = 0; SumSQ.u64 = 0; Count.u64 = 0; Min.u64 = 0; Max.u64 = 0; 
 l1cache.evict_SM : Accumulator : Sum.u64 = 0; SumSQ.u64 = 0; Count.u64 = 0; Min.u64 = 0; Max.u64 = 0; 
 l1cache.stateEvent_GetS_I : Accumulator : Sum.u64 = 16585; SumSQ.u64 = 16585; Count.u64 = 16585; Min.u64 = 1; Max.u64 = 1; 
 l1cache.stateEvent_GetS_S : Accumulator : Sum.u64 = 0; SumSQ.u64 = 0; Count.u64 = 0; Min.u64 = 0; Max.u64 = 0; 
 l1cache.stateEvent_GetS_M : Accumulator : Sum.u64 = 0; SumSQ.u64 = 0; Count.u64 = 0; Min.u64 = 0; Max.u64 = 0; 
 l1cache.stateEvent_GetX_I : Accumulator : Sum.u64 = 358; SumSQ.u64 = 358; Count.u64 = 358; Min.u64 = 1; Max.u64 = 1; 
 l1cache.stateEvent_GetX_S : Accumulator : Sum.u64 = 0; SumSQ.u64 = 0; Count.u64 = 0; Min.u64 = 0; Max.u64 = 0; 
 l1cache.stateEvent_GetX_M : Accumulator : Sum.u64 = 0; SumSQ.u64 = 0; Count.u64 = 0; Min.u64 = 0; Max.u64 = 0; 
 l1cache.stateEvent_GetSX_I : Accumulator : Sum.u64 = 0; SumSQ.u64 = 0; Count.u64 = 0; Min.u64 = 0; Max.u64 = 0; 
 l1cache.stateEvent_GetSX_S : Accumulator : Sum.u64 = 0; SumSQ.u64 = 0; Count.u64 = 0; Min.u64 = 0; Max.u64 = 0; 
 l1cache.stateEvent_GetSX_M : Accumulator : Sum.u64 = 0; SumSQ.u64 = 0; Count.u64 = 0; Min.u64 = 0; Max.u64 = 0; 
 l1cache.stateEvent_GetSResp_IS : Accumulator : Sum.u64 = 0; SumSQ.u64 = 0; Count.u64 = 0; Min.u64 = 0; Max.u64 = 0; 
 l1cache.stateEvent_GetXResp_IS : Accumulator : Sum.u64 = 16580; SumSQ.u64 = 16580; Count.u64 = 16580; Min.u64 = 1; Max.u64 = 1; 
 l1cache.stateEvent_GetXResp_IM : Accumulator : Sum.u64 = 358; SumSQ.u64 = 358; Count.u64 = 358; Min.u64 = 1; Max.u64 = 1; 
 l1cache.stateEvent_GetXResp_SM : Accumulator : Sum.u64 = 0; SumSQ.u64 = 0; Count.u64 = 0; Min.u64 = 0; Max.u64 = 0; 
 l1cache.stateEvent_Inv_I : Accumulator : Sum.u64 = 0; SumSQ.u64 = 0; Count.u64 = 0; Min.u64 = 0; Max.u64 = 0; 
 l1cache.stateEvent_Inv_S : Accumulator : Sum.u64 = 0; SumSQ.u64 = 0; Count.u64 = 0; Min.u64 = 0; Max.u64 = 0; 
 l1cache.stateEvent_Inv_IS : Accumulator : Sum.u64 = 0; SumSQ.u64 = 0; Count.u64 = 0; Min.u64 = 0; Max.u64 = 0; 
 l1cache.stateEvent_Inv_IM : Accumulator : Sum.u64 = 0; SumSQ.u64 = 0; Count.u64 = 0; Min.u64 = 0; Max.u64 = 0; 
 l1cache.stateEvent_Inv_SM : Accumulator : Sum.u64 = 0; SumSQ.u64 = 0; Count.u64 = 0; Min.u64 = 0; Max.u64 = 0; 
 l1cache.stateEvent_Inv_SB : Accumulator : Sum.u64 = 0; SumSQ.u64 = 0; Count.u64 = 0; Min.u64 = 0; Max.u64 = 0; 
 l1cache.stateEvent_Inv_IB : Accumulator : Sum.u64 = 0; SumSQ.u64 = 0; Count.u64 = 0; Min.u64 = 0; Max.u64 = 0; 
 l1cache.stateEvent_FetchInvX_I : Accumulator : Sum.u64 = 0; SumSQ.u64 = 0; Count.u64 = 0; Min.u64 = 0; Max.u64 = 0; 
 l1cache.stateEvent_FetchInvX_M : Accumulator : Sum.u64 = 0; SumSQ.u64 = 0; Count.u64 = 0; Min.u64 = 0; Max.u64 = 0; 
 l1cache.stateEvent_FetchInvX_IS : Accumulator : Sum.u64 = 0; SumSQ.u64 = 0; Count.u64 = 0; Min.u64 = 0; Max.u64 = 0; 
 l1cache.stateEvent_FetchInvX_IM : Accumulator : Sum.u64 = 0; SumSQ.u64 = 0; Count.u64 = 0; Min.u64 = 0; Max.u64 = 0; 
 l1cache.stateEvent_FetchInvX_SB : Accumulator : Sum.u64 = 0; SumSQ.u64 = 0; Count.u64 = 0; Min.u64 = 0; Max.u64 = 0; 
 l1cache.stateEvent_FetchInvX_IB : Accumulator : Sum.u64 = 0; SumSQ.u64 = 0; Count.u64 = 0; Min.u64 = 0; Max.u64 = 0; 
 l1cache.stateEvent_Fetch_I : Accumulator : Sum.u64 = 0; SumSQ.u64 = 0; Count.u64 = 0; Min.u64 = 0; Max.u64 = 0; 
 l1cache.stateEvent_Fetch_S : Accumulator : Sum.u64 = 0; SumSQ.u64 = 0; Count.u64 = 0; Min.u64 = 0; Max.u64 = 0; 
 l1cache.stateEvent_Fetch_IS : Accumulator : Sum.u64 = 0; SumSQ.u64 = 0; Count.u64 = 0; Min.u64 = 0; Max.u64 = 0; 
 l1cache.stateEvent_Fetch_IM : Accumulator : Sum.u64 = 0; SumSQ.u64 = 0; Count.u64 = 0; Min.u64 = 0; Max.u64 = 0; 
 l1cache.stateEvent_Fetch_SM : Accumulator : Sum.u64 = 0; SumSQ.u64 = 0; Count.u64 = 0; Min.u64 = 0; Max.u64 = 0; 
 l1cache.stateEvent_Fetch_IB : Accumulator : Sum.u64 = 0; SumSQ.u64 = 0; Count.u64 = 0; Min.u64 = 0; Max.u64 = 0; 
 l1cache.stateEvent_Fetch_SB : Accumulator : Sum.u64 = 0; SumSQ.u64 = 0; Count.u64 = 0; Min.u64 = 0; Max.u64 = 0; 
 l1cache.stateEvent_FetchInv_I : Accumulator : Sum.u64 = 0; SumSQ.u64 = 0; Count.u64 = 0; Min.u64 = 0; Max.u64 = 0; 
 l1cache.stateEvent_FetchInv_S : Accumulator : Sum.u64 = 0; SumSQ.u64 = 0; Count.u64 = 0; Min.u64 = 0; Max.u64 = 0; 
 l1cache.stateEvent_FetchInv_M : Accumulator : Sum.u64 = 0; SumSQ.u64 = 0; Count.u64 = 0; Min.u64 = 0; Max.u64 = 0; 
 l1cache.stateEvent_FetchInv_IS : Accumulator : Sum.u64 = 0; SumSQ.u64 = 0; Count.u64 = 0; Min.u64 = 0; Max.u64 = 0; 
 l1cache.stateEvent_FetchInv_IM : Accumulator : Sum.u64 = 0; SumSQ.u64 = 0; Count.u64 = 0; Min.u64 = 0; Max.u64 = 0; 
 l1cache.stateEvent_FetchInv_SM : Accumulator : Sum.u64 = 0; SumSQ.u64 = 0; Count.u64 = 0; Min.u64 = 0; Max.u64 = 0; 
 l1cache.stateEvent_FetchInv_SB : Accumulator : Sum.u64 = 0; SumSQ.u64 = 0; Count.u64 = 0; Min.u64 = 0; Max.u64 = 0; 
 l1cache.stateEvent_FetchInv_IB : Accumulator : Sum.u64 = 0; SumSQ.u64 = 0; Count.u64 = 0; Min.u64 = 0; Max.u64 = 0; 
 l1cache.stateEvent_FlushLine_I : Accumulator : Sum.u64 = 0; SumSQ.u64 = 0; Count.u64 = 0; Min.u64 = 0; Max.u64 = 0; 
 l1cache.stateEvent_FlushLine_S : Accumulator : Sum.u64 = 0; SumSQ.u64 = 0; Count.u64 = 0; Min.u64 = 0; Max.u64 = 0; 
 l1cache.stateEvent_FlushLine_M : Accumulator : Sum.u64 = 0; SumSQ.u64 = 0; Count.u64 = 0; Min.u64 = 0; Max.u64 = 0; 
 l1cache.stateEvent_FlushLine_IS : Accumulator : Sum.u64 = 0; SumSQ.u64 = 0; Count.u64 = 0; Min.u64 = 0; Max.u64 = 0; 
 l1cache.stateEvent_FlushLine_IM : Accumulator : Sum.u64 = 0; SumSQ.u64 = 0; Count.u64 = 0; Min.u64 = 0; Max.u64 = 0; 
 l1cache.stateEvent_FlushLine_SM : Accumulator : Sum.u64 = 0; SumSQ.u64 = 0; Count.u64 = 0; Min.u64 = 0; Max.u64 = 0; 
 l1cache.stateEvent_FlushLine_IB : Accumulator : Sum.u64 = 0; SumSQ.u64 = 0; Count.u64 = 0; Min.u64 = 0; Max.u64 = 0; 
 l1cache.stateEvent_FlushLine_SB : Accumulator : Sum.u64 = 0; SumSQ.u64 = 0; Count.u64 = 0; Min.u64 = 0; Max.u64 = 0; 
 l1cache.stateEvent_FlushLineInv_I : Accumulator : Sum.u64 = 0; SumSQ.u64 = 0; Count.u64 = 0; Min.u64 = 0; Max.u64 = 0; 
 l1cache.stateEvent_FlushLineInv_S : Accumulator : Sum.u64 = 0; SumSQ.u64 = 0; Count.u64 = 0; Min.u64 = 0; Max.u64 = 0; 
 l1cache.stateEvent_FlushLineInv_M : Accumulator : Sum.u64 = 0; SumSQ.u64 = 0; Count.u64 = 0; Min.u64 = 0; Max.u64 = 0; 
 l1cache.stateEvent_FlushLineInv_IS : Accumulator : Sum.u64 = 0; SumSQ.u64 = 0; Count.u64 = 0; Min.u64 = 0; Max.u64 = 0; 
 l1cache.stateEvent_FlushLineInv_IM : Accumulator : Sum.u64 = 0; SumSQ.u64 = 0; Count.u64 = 0; Min.u64 = 0; Max.u64 = 0; 
 l1cache.stateEvent_FlushLineInv_SM : Accumulator : Sum.u64 = 0; SumSQ.u64 = 0; Count.u64 = 0; Min.u64 = 0; Max.u64 = 0; 
 l1cache.stateEvent_FlushLineInv_IB : Accumulator : Sum.u64 = 0; SumSQ.u64 = 0; Count.u64 = 0; Min.u64 = 0; Max.u64 = 0; 
 l1cache.stateEvent_FlushLineInv_SB : Accumulator : Sum.u64 = 0; SumSQ.u64 = 0; Count.u64 = 0; Min.u64 = 0; Max.u64 = 0; 
 l1cache.stateEvent_FlushLineResp_I : Accumulator : Sum.u64 = 0; SumSQ.u64 = 0; Count.u64 = 0; Min.u64 = 0; Max.u64 = 0; 
 l1cache.stateEvent_FlushLineResp_IB : Accumulator : Sum.u64 = 0; SumSQ.u64 = 0; Count.u64 = 0; Min.u64 = 0; Max.u64 = 0; 
 l1cache.stateEvent_FlushLineResp_SB : Accumulator : Sum.u64 = 0; SumSQ.u64 = 0; Count.u64 = 0; Min.u64 = 0; Max.u64 = 0; 
 l1cache.eventSent_GetS : Accumulator : Sum.u64 = 16585; SumSQ.u64 = 16585; Count.u64 = 16585; Min.u64 = 1; Max.u64 = 1; 
 l1cache.eventSent_GetX : Accumulator : Sum.u64 = 358; SumSQ.u64 = 358; Count.u64 = 358; Min.u64 = 1; Max.u64 = 1; 
 l1cache.eventSent_GetSX : Accumulator : Sum.u64 = 0; SumSQ.u64 = 0; Count.u64 = 0; Min.u64 = 0; Max.u64 = 0; 
 l1cache.eventSent_PutM : Accumulator : Sum.u64 = 9919; SumSQ.u64 = 9919; Count.u64 = 9919; Min.u64 = 1; Max.u64 = 1; 
 l1cache.eventSent_NACK_down : Accumulator : Sum.u64 = 0; SumSQ.u64 = 0; Count.u64 = 0; Min.u64 = 0; Max.u64 = 0; 
 l1cache.eventSent_FlushLine : Accumulator : Sum.u64 = 0; SumSQ.u64 = 0; Count.u64 = 0; Min.u64 = 0; Max.u64 = 0; 
 l1cache.eventSent_FlushLineInv : Accumulator : Sum.u64 = 0; SumSQ.u64 = 0; Count.u64 = 0; Min.u64 = 0; Max.u64 = 0; 
 l1cache.eventSent_FetchResp : Accumulator : Sum.u64 = 0; SumSQ.u64 = 0; Count.u64 = 0; Min.u64 = 0; Max.u64 = 0; 
 l1cache.eventSent_FetchXResp : Accumulator : Sum.u64 = 0; SumSQ.u64 = 0; Count.u64 = 0; Min.u64 = 0; Max.u64 = 0; 
 l1cache.eventSent_AckInv : Accumulator : Sum.u64 = 0; SumSQ.u64 = 0; Count.u64 = 0; Min.u64 = 0; Max.u64 = 0; 
 l1cache.eventSent_GetSResp : Accumulator : Sum.u64 = 10000; SumSQ.u64 = 10000; Count.u64 = 10000; Min.u64 = 1; Max.u64 = 1; 
 l1cache.eventSent_GetXResp : Accumulator : Sum.u64 = 10000; SumSQ.u64 = 10000; Count.u64 = 10000; Min.u64 = 1; Max.u64 = 1; 
 l1cache.eventSent_FlushLineResp : Accumulator : Sum.u64 = 0; SumSQ.u64 = 0; Count.u64 = 0; Min.u64 = 0; Max.u64 = 0; 
 l1cache.stateEvent_AckPut_I : Accumulator : Sum.u64 = 0; SumSQ.u64 = 0; Count.u64 = 0; Min.u64 = 0; Max.u64 = 0; 
 l1cache.eventSent_PutS : Accumulator : Sum.u64 = 0; SumSQ.u64 = 0; Count.u64 = 0; Min.u64 = 0; Max.u64 = 0; 
 l1cache.eventSent_PutE : Accumulator : Sum.u64 = 0; SumSQ.u64 = 0; Count.u64 = 0; Min.u64 = 0; Max.u64 = 0; 
 l1cache.stateEvent_GetS_E : Accumulator : Sum.u64 = 22; SumSQ.u64 = 22; Count.u64 = 22; Min.u64 = 1; Max.u64 = 1; 
 l1cache.stateEvent_GetX_E : Accumulator : Sum.u64 = 9642; SumSQ.u64 = 9642; Count.u64 = 9642; Min.u64 = 1; Max.u64 = 1; 
 l1cache.stateEvent_GetSX_E : Accumulator : Sum.u64 = 0; SumSQ.u64 = 0; Count.u64 = 0; Min.u64 = 0; Max.u64 = 0; 
 l1cache.stateEvent_FlushLine_E : Accumulator : Sum.u64 = 0; SumSQ.u64 = 0; Count.u64 = 0; Min.u64 = 0; Max.u64 = 0; 
 l1cache.stateEvent_FlushLineInv_E : Accumulator : Sum.u64 = 0; SumSQ.u64 = 0; Count.u64 = 0; Min.u64 = 0; Max.u64 = 0; 
 l1cache.stateEvent_FetchInv_E : Accumulator : Sum.u64 = 0; SumSQ.u64 = 0; Count.u64 = 0; Min.u64 = 0; Max.u64 = 0; 
 l1cache.stateEvent_FetchInvX_E : Accumulator : Sum.u64 = 0; SumSQ.u64 = 0; Count.u64 = 0; Min.u64 = 0; Max.u64 = 0; 
Simulation is complete, simulated time: 703.686 us
